// Jest Snapshot v1, https://goo.gl/fbAQLP

exports[`Pruebas en <GifGridItem.js/> Debe mostrar el componente <GifGridItem.js/> correctamente 1`] = `
<div
  className="card animate__animated animate__fadeIn"
>
  <img
    alt="Un título"
    className="card-img"
    src="https://localhost/algo.jpg"
  />
  <p>
    Un título
  </p>
</div>
`;
